[INFO] [launch]: All log files can be found below /home/wangchinnt/.ros/log/2026-09-28-01-58-31-937243-rvl-wangchinnt-754842
[INFO] [launch]: Default logging verbosity is set to INFO
[INFO] [mavros_node-1]: process started with pid [754982]
[INFO] [gps_goto-2]: process started with pid [754984]
[mavros_node-1] [INFO] [1790531912.106876970] [mavros_node]: Starting mavros_node container
[mavros_node-1] [INFO] [1790531912.106972211] [mavros_node]: FCU URL: udp://:14540@127.0.0.1:14557
[mavros_node-1] [INFO] [1790531912.106988825] [mavros_node]: GCS URL: 
[mavros_node-1] [INFO] [1790531912.107001327] [mavros_node]: UAS Prefix: /uas1
[mavros_node-1] [INFO] [1790531912.107011476] [mavros_node]: Starting mavros router node
[mavros_node-1] [INFO] [1790531912.112567617] [mavros_router]: Built-in SIMD instructions: SSE, SSE2
[mavros_node-1] [INFO] [1790531912.112591613] [mavros_router]: Built-in MAVLink package version: 2026.8.8
[mavros_node-1] [INFO] [1790531912.112597316] [mavros_router]: Known MAVLink dialects: common ardupilotmega ASLUAV AVSSUAS all csAirLink cubepilot development icarous loweheiser marsh paparazzi standard stemstudios storm32 uAvionix ualberta
[mavros_node-1] [INFO] [1790531912.112602582] [mavros_router]: MAVROS Router started
[mavros_node-1] [INFO] [1790531912.112699905] [mavros_node]: Starting mavros uas node
[mavros_node-1] [INFO] [1790531912.141317454] [mavros_router]: Requested to add endpoint: type: 0, url: udp://:14540@127.0.0.1:14557
[mavros_node-1] [INFO] [1790531912.141369262] [mavros_router]: Endpoint link[1000] created
[mavros_node-1] [INFO] [1790531912.141632865] [mavros_router]: link[1000] opened successfully
[mavros_node-1] [INFO] [1790531912.141655662] [mavros_router]: Requested to add endpoint: type: 2, url: /uas1
[mavros_node-1] [INFO] [1790531912.141681643] [mavros_router]: Endpoint link[1001] created
[mavros_node-1] [INFO] [1790531912.143168540] [mavros_router]: link[1001] opened successfully
[mavros_node-1] [INFO] [1790531912.145523281] [mavros_router]: link[1000] detected remote address 1.1
[mavros_node-1] [INFO] [1790531912.151373340] [mavros]: UAS Executor started, threads: 4
[mavros_node-1] [WARN] [1790531912.151380629] [mavros]: plugin_denylist pattern 'image_pub' does not match any declared plugin
[mavros_node-1] [INFO] [1790531912.170537059] [mavros]: Plugin actuator_control created
[mavros_node-1] [INFO] [1790531912.170607497] [mavros]: Plugin actuator_control initialized
[mavros_node-1] [INFO] [1790531912.196284809] [mavros]: Plugin adsb created
[mavros_node-1] [INFO] [1790531912.196319992] [mavros]: Plugin adsb initialized
[mavros_node-1] [INFO] [1790531912.200069425] [mavros]: Plugin altitude created
[mavros_node-1] [INFO] [1790531912.200101246] [mavros]: Plugin altitude initialized
[mavros_node-1] [INFO] [1790531912.204104022] [mavros]: Plugin cam_imu_sync created
[mavros_node-1] [INFO] [1790531912.204165111] [mavros]: Plugin cam_imu_sync initialized
[mavros_node-1] [INFO] [1790531912.208195651] [mavros]: Plugin camera created
[mavros_node-1] [INFO] [1790531912.208229076] [mavros]: Plugin camera initialized
[mavros_node-1] [INFO] [1790531912.212538751] [mavros]: Plugin cellular_status created
[mavros_node-1] [INFO] [1790531912.212569089] [mavros]: Plugin cellular_status initialized
[mavros_node-1] [INFO] [1790531912.221370401] [mavros]: Plugin command created
[mavros_node-1] [INFO] [1790531912.221407820] [mavros]: Plugin command initialized
[mavros_node-1] [INFO] [1790531912.226680957] [mavros]: Plugin companion_process_status created
[mavros_node-1] [INFO] [1790531912.226719640] [mavros]: Plugin companion_process_status initialized
[mavros_node-1] [INFO] [1790531912.233236436] [mavros]: Plugin debug_value created
[mavros_node-1] [INFO] [1790531912.233288225] [mavros]: Plugin debug_value initialized
[mavros_node-1] [INFO] [1790531912.233312376] [mavros]: Plugin distance_sensor ignored
[mavros_node-1] [INFO] [1790531912.239410894] [mavros]: Plugin esc_status created
[mavros_node-1] [INFO] [1790531912.239458003] [mavros]: Plugin esc_status initialized
[mavros_node-1] [INFO] [1790531912.245719730] [mavros]: Plugin esc_telemetry created
[mavros_node-1] [INFO] [1790531912.245783961] [mavros]: Plugin esc_telemetry initialized
[mavros_node-1] [INFO] [1790531912.255356247] [mavros]: Plugin fake_gps created
[mavros_node-1] [INFO] [1790531912.255417478] [mavros]: Plugin fake_gps initialized
[mavros_node-1] [INFO] [1790531912.277433679] [mavros]: Plugin ftp created
[mavros_node-1] [INFO] [1790531912.278164704] [mavros]: Plugin ftp initialized
[mavros_node-1] [INFO] [1790531912.296303908] [mavros]: Plugin geofence created
[mavros_node-1] [INFO] [1790531912.297014938] [mavros]: Plugin geofence initialized
[mavros_node-1] [INFO] [1790531912.322545692] [mavros]: Plugin gimbal_control created
[mavros_node-1] [INFO] [1790531912.323243885] [mavros]: Plugin gimbal_control initialized
[mavros_node-1] [INFO] [1790531912.339744543] [mavros]: Plugin global_position created
[mavros_node-1] [INFO] [1790531912.339795227] [mavros]: Plugin global_position initialized
[mavros_node-1] [INFO] [1790531912.347603416] [mavros]: Plugin gps_input created
[mavros_node-1] [INFO] [1790531912.347645542] [mavros]: Plugin gps_input initialized
[mavros_node-1] [INFO] [1790531912.355163134] [mavros]: Plugin gps_rtk created
[mavros_node-1] [INFO] [1790531912.355242668] [mavros]: Plugin gps_rtk initialized
[mavros_node-1] [INFO] [1790531912.364192533] [mavros]: Plugin gps_status created
[mavros_node-1] [INFO] [1790531912.364264663] [mavros]: Plugin gps_status initialized
[mavros_node-1] [INFO] [1790531912.372714098] [mavros]: Plugin guided_target created
[mavros_node-1] [INFO] [1790531912.372755292] [mavros]: Plugin guided_target initialized
[mavros_node-1] [INFO] [1790531912.384086208] [mavros]: Plugin hil created
[mavros_node-1] [INFO] [1790531912.384152399] [mavros]: Plugin hil initialized
[mavros_node-1] [INFO] [1790531912.396218845] [mavros]: Plugin home_position created
[mavros_node-1] [INFO] [1790531912.396264910] [mavros]: Plugin home_position initialized
[mavros_node-1] [INFO] [1790531912.410923892] [mavros]: Plugin imu created
[mavros_node-1] [INFO] [1790531912.410979870] [mavros]: Plugin imu initialized
[mavros_node-1] [INFO] [1790531912.424861949] [mavros]: Plugin landing_target created
[mavros_node-1] [INFO] [1790531912.424910743] [mavros]: Plugin landing_target initialized
[mavros_node-1] [INFO] [1790531912.438896123] [mavros]: Plugin local_position created
[mavros_node-1] [INFO] [1790531912.438946982] [mavros]: Plugin local_position initialized
[mavros_node-1] [INFO] [1790531912.454083282] [mavros]: Plugin log_transfer created
[mavros_node-1] [INFO] [1790531912.454146004] [mavros]: Plugin log_transfer initialized
[mavros_node-1] [INFO] [1790531912.463850155] [mavros]: Plugin mag_calibration_status created
[mavros_node-1] [INFO] [1790531912.463898849] [mavros]: Plugin mag_calibration_status initialized
[mavros_node-1] [INFO] [1790531912.475993606] [mavros]: Plugin manual_control created
[mavros_node-1] [INFO] [1790531912.476063921] [mavros]: Plugin manual_control initialized
[mavros_node-1] [INFO] [1790531912.486957203] [mavros]: Plugin mocap_pose_estimate created
[mavros_node-1] [INFO] [1790531912.487002374] [mavros]: Plugin mocap_pose_estimate initialized
[mavros_node-1] [INFO] [1790531912.499804991] [mavros]: Plugin mount_control created
[mavros_node-1] [INFO] [1790531912.499846669] [mavros]: Plugin mount_control initialized
[mavros_node-1] [INFO] [1790531912.511525218] [mavros]: Plugin nav_controller_output created
[mavros_node-1] [INFO] [1790531912.511575057] [mavros]: Plugin nav_controller_output initialized
[mavros_node-1] [INFO] [1790531912.523750063] [mavros]: Plugin obstacle_distance created
[mavros_node-1] [INFO] [1790531912.523790671] [mavros]: Plugin obstacle_distance initialized
[mavros_node-1] [INFO] [1790531912.536344830] [mavros]: Plugin obstacle_distance_3d created
[mavros_node-1] [INFO] [1790531912.536394475] [mavros]: Plugin obstacle_distance_3d initialized
[mavros_node-1] [INFO] [1790531912.551516833] [mavros]: Plugin odometry created
[mavros_node-1] [INFO] [1790531912.551559990] [mavros]: Plugin odometry initialized
[mavros_node-1] [INFO] [1790531912.565233083] [mavros]: Plugin onboard_computer_status created
[mavros_node-1] [INFO] [1790531912.565418303] [mavros]: Plugin onboard_computer_status initialized
[mavros_node-1] [INFO] [1790531912.582917627] [mavros]: Plugin open_drone_id created
[mavros_node-1] [INFO] [1790531912.582964816] [mavros]: Plugin open_drone_id initialized
[mavros_node-1] [INFO] [1790531912.598776675] [mavros]: Plugin optical_flow created
[mavros_node-1] [INFO] [1790531912.598818022] [mavros]: Plugin optical_flow initialized
[mavros_node-1] [INFO] [1790531912.613330779] [mavros]: Plugin param created
[mavros_node-1] [INFO] [1790531912.613411659] [mavros]: Plugin param initialized
[mavros_node-1] [INFO] [1790531912.626605602] [mavros]: Plugin play_tune created
[mavros_node-1] [INFO] [1790531912.626650848] [mavros]: Plugin play_tune initialized
[mavros_node-1] [INFO] [1790531912.643717521] [mavros]: Plugin px4flow created
[mavros_node-1] [INFO] [1790531912.643783601] [mavros]: Plugin px4flow initialized
[mavros_node-1] [INFO] [1790531912.665384533] [mavros]: Plugin rallypoint created
[mavros_node-1] [INFO] [1790531912.665439150] [mavros]: Plugin rallypoint initialized
[mavros_node-1] [INFO] [1790531912.665450102] [mavros]: Plugin rangefinder ignored
[mavros_node-1] [INFO] [1790531912.682805852] [mavros]: Plugin rc_io created
[mavros_node-1] [INFO] [1790531912.682877861] [mavros]: Plugin rc_io initialized
[mavros_node-1] [INFO] [1790531912.701912669] [mavros]: Plugin setpoint_accel created
[mavros_node-1] [INFO] [1790531912.701958618] [mavros]: Plugin setpoint_accel initialized
[mavros_node-1] [INFO] [1790531912.722232774] [mavros]: Plugin setpoint_attitude created
[mavros_node-1] [INFO] [1790531912.722271651] [mavros]: Plugin setpoint_attitude initialized
[mavros_node-1] [INFO] [1790531912.750824520] [mavros]: Plugin setpoint_position created
[mavros_node-1] [INFO] [1790531912.750884617] [mavros]: Plugin setpoint_position initialized
[mavros_node-1] [INFO] [1790531912.781772235] [mavros]: Plugin setpoint_raw created
[mavros_node-1] [INFO] [1790531912.781836849] [mavros]: Plugin setpoint_raw initialized
[mavros_node-1] [INFO] [1790531912.819387150] [mavros]: Plugin setpoint_trajectory created
[mavros_node-1] [INFO] [1790531912.819433017] [mavros]: Plugin setpoint_trajectory initialized
[mavros_node-1] [INFO] [1790531912.848883371] [mavros]: Plugin setpoint_velocity created
[mavros_node-1] [INFO] [1790531912.848929748] [mavros]: Plugin setpoint_velocity initialized
[mavros_node-1] [INFO] [1790531912.874330708] [mavros]: Plugin sim_state created
[mavros_node-1] [INFO] [1790531912.874403948] [mavros]: Plugin sim_state initialized
[gps_goto-2] [INFO] [1790531912.892727545] [gps_goto]: gps_goto (MAVLink/MAVROS): 1 waypoint, takeoff 5.0 m, radius 1.0 m
[mavros_node-1] [INFO] [1790531912.913259433] [mavros]: Plugin sys_status created
[mavros_node-1] [INFO] [1790531912.913340761] [mavros]: Plugin sys_status initialized
[mavros_node-1] [INFO] [1790531912.934095532] [mavros.time]: TM: Timesync mode: MAVLINK
[mavros_node-1] [INFO] [1790531912.948349010] [mavros]: Plugin sys_time created
[mavros_node-1] [INFO] [1790531912.948418757] [mavros]: Plugin sys_time initialized
[mavros_node-1] [INFO] [1790531912.981309864] [mavros]: Plugin tdr_radio created
[mavros_node-1] [INFO] [1790531912.981371385] [mavros]: Plugin tdr_radio initialized
[mavros_node-1] [INFO] [1790531913.026052674] [mavros]: Plugin terrain created
[mavros_node-1] [INFO] [1790531913.026240493] [mavros]: Plugin terrain initialized
[mavros_node-1] [INFO] [1790531913.057294702] [mavros]: Plugin trajectory created
[mavros_node-1] [INFO] [1790531913.057353954] [mavros]: Plugin trajectory initialized
[mavros_node-1] [INFO] [1790531913.080585824] [mavros]: Plugin tunnel created
[mavros_node-1] [INFO] [1790531913.080674508] [mavros]: Plugin tunnel initialized
[mavros_node-1] [INFO] [1790531913.105911451] [mavros]: Plugin vfr_hud created
[mavros_node-1] [INFO] [1790531913.105960386] [mavros]: Plugin vfr_hud initialized
[mavros_node-1] [INFO] [1790531913.105976606] [mavros]: Plugin vibration ignored
[mavros_node-1] [INFO] [1790531913.133334344] [mavros]: Plugin vision_pose created
[mavros_node-1] [INFO] [1790531913.133381953] [mavros]: Plugin vision_pose initialized
[mavros_node-1] [INFO] [1790531913.159059434] [mavros]: Plugin vision_speed created
[mavros_node-1] [INFO] [1790531913.159103261] [mavros]: Plugin vision_speed initialized
[mavros_node-1] [INFO] [1790531913.191501164] [mavros]: Plugin waypoint created
[mavros_node-1] [INFO] [1790531913.191688925] [mavros]: Plugin waypoint initialized
[mavros_node-1] [INFO] [1790531913.191710106] [mavros]: Plugin wheel_odometry ignored
[mavros_node-1] [INFO] [1790531913.213239358] [mavros]: Plugin wind_estimation created
[mavros_node-1] [INFO] [1790531913.213308429] [mavros]: Plugin wind_estimation initialized
[mavros_node-1] [INFO] [1790531913.215965394] [mavros]: Built-in SIMD instructions: SSE, SSE2
[mavros_node-1] [INFO] [1790531913.215997434] [mavros]: Built-in MAVLink package version: 2026.8.8
[mavros_node-1] [INFO] [1790531913.216008649] [mavros]: Known MAVLink dialects: common ardupilotmega ASLUAV AVSSUAS all csAirLink cubepilot development icarous loweheiser marsh paparazzi standard stemstudios storm32 uAvionix ualberta
[mavros_node-1] [INFO] [1790531913.216017460] [mavros]: MAVROS UAS via /uas1 started. MY ID 1.191, TARGET ID 1.1
[mavros_node-1] [INFO] [1790531913.220476534] [mavros.imu]: IMU: Attitude quaternion IMU detected!
[mavros_node-1] [INFO] [1790531913.227450674] [mavros.imu]: IMU: High resolution IMU detected!
[mavros_node-1] [INFO] [1790531913.307478675] [mavros_router]: link[1001] detected remote address 1.191
[mavros_node-1] [WARN] [1790531913.918006221] [mavros.cmd]: CMD: Unexpected command 512, result 4
[mavros_node-1] [INFO] [1790531914.111510171] [mavros]: CON: Got HEARTBEAT, connected. FCU: PX4 Autopilot
[mavros_node-1] [INFO] [1790531914.111657049] [mavros.mission]: WP: detected enable_partial_push: 0
[mavros_node-1] [INFO] [1790531914.111899311] [mavros.imu]: IMU: High resolution IMU detected!
[mavros_node-1] [INFO] [1790531914.123661826] [mavros.imu]: IMU: Attitude quaternion IMU detected!
[gps_goto-2] [INFO] [1790531914.846623841] [gps_goto]: Waiting for ready: connected=True pose=True global=True gps_fix=3 eph=0.7 origin=False
[gps_goto-2] [INFO] [1790531914.896631394] [gps_goto]: Projection origin: gp_origin (47.3977408, 8.5455960)
[gps_goto-2] [INFO] [1790531914.897005216] [gps_goto]: WP1 GPS (47.3982000, 8.5462000, +10.0 m) -> ENU (E 45.46, N 51.06, U 10.52), distance 68.3 m
[gps_goto-2] [INFO] [1790531914.897413806] [gps_goto]: [WAIT_READY] -> [PRE_STREAM]
[mavros_node-1] [WARN] [1790531914.911511107] [mavros.sys]: FCU: UNK(8): EVENT 11047904 with args -0-0-0-0-0-128-0-0-0-240-123-255-255-240-123-255-255-0-0-0-0-0-0-0-0-0-0-0-0-0-0-0-0-0-0-0-0-0-0-0-
[mavros_node-1] [INFO] [1790531914.911644620] [mavros.sys]: FCU: EVENT 377561 with args -8-0-0-0-20-0-0-0-0-0-0-0-0-0-0-0-0-0-0-0-0-0-0-0-0-0-0-0-0-0-0-0-0-0-0-0-0-0-0-0-
[mavros_node-1] [WARN] [1790531914.911718767] [mavros.sys]: FCU: EVENT 453929 with args -255-255-255-255-7-0-0-0-0-0-0-0-0-0-0-0-0-0-0-0-0-0-0-0-0-0-0-0-0-0-0-0-0-0-0-0-0-0-0-0-
[mavros_node-1] [INFO] [1790531914.911792924] [mavros.sys]: FCU: EVENT 6801787 with args -255-255-255-255-12-0-0-0-0-0-0-0-0-0-0-0-0-0-0-0-0-0-0-0-0-0-0-0-0-0-0-0-0-0-0-0-0-0-0-0-
[mavros_node-1] [WARN] [1790531914.911871136] [mavros.sys]: FCU: UNK(8): EVENT 1914663 with args -0-10-9-2-40-0-0-0-0-0-0-0-0-0-0-0-0-0-0-0-0-0-0-0-0-0-0-0-0-0-0-0-0-0-0-0-0-0-0-0-
[gps_goto-2] [INFO] [1790531915.946744878] [gps_goto]: [PRE_STREAM] -> [ENGAGE]
[mavros_node-1] [WARN] [1790531916.118062929] [mavros.sys]: VER: broadcast request timeout, retries left 4
[mavros_node-1] [WARN] [1790531917.114923240] [mavros.sys]: VER: broadcast request timeout, retries left 3
[mavros_node-1] [INFO] [1790531917.863247857] [mavros.sys]: FCU: EVENT 9489139 with args -4-0-0-0-0-0-0-0-0-0-0-0-0-0-0-0-0-0-0-0-0-0-0-0-0-0-0-0-0-0-0-0-0-0-0-0-0-0-0-0-
[mavros_node-1] [INFO] [1790531918.120606182] [mavros.geofence]: GF: Using MISSION_ITEM_INT
[mavros_node-1] [INFO] [1790531918.120673137] [mavros.rallypoint]: RP: Using MISSION_ITEM_INT
[mavros_node-1] [INFO] [1790531918.120689709] [mavros.mission]: WP: Using MISSION_ITEM_INT
[mavros_node-1] [INFO] [1790531918.120740232] [mavros.sys]: VER: 1.1: Capabilities         0x000000000000ecff
[mavros_node-1] [INFO] [1790531918.120757805] [mavros.sys]: VER: 1.1: Flight software:     010e00ff (b8c541dd72000000)
[mavros_node-1] [INFO] [1790531918.120764274] [mavros.sys]: VER: 1.1: Middleware software: 010e00ff (b8c541dd72000000)
[mavros_node-1] [INFO] [1790531918.120769196] [mavros.sys]: VER: 1.1: OS software:         060800ff (de41e7feaeffaec3)
[mavros_node-1] [INFO] [1790531918.120795323] [mavros.sys]: VER: 1.1: Board hardware:      00000001
[mavros_node-1] [INFO] [1790531918.120822810] [mavros.sys]: VER: 1.1: VID/PID:             0000:0000
[mavros_node-1] [INFO] [1790531918.120828951] [mavros.sys]: VER: 1.1: UID:                 4954414c44494e4f
[mavros_node-1] [WARN] [1790531918.127880932] [mavros.sys]: VER: unicast request timeout, retries left 2
[gps_goto-2] [INFO] [1790531918.146772929] [gps_goto]: [ENGAGE] -> [TAKEOFF]
[mavros_node-1] [INFO] [1790531919.660627520] [mavros.sys]: FCU: EVENT 4277609 with args -0-0-0-0-0-0-0-0-0-0-0-0-0-0-0-0-0-0-0-0-0-0-0-0-0-0-0-0-0-0-0-0-0-0-0-0-0-0-0-0-
[gps_goto-2] [INFO] [1790531923.546622379] [gps_goto]: [TAKEOFF] -> [GOTO]
[gps_goto-2] [INFO] [1790531923.846880344] [gps_goto]: WP1: 68.2 m horizontal, 5.6 m vertical to go
[gps_goto-2] [INFO] [1790531924.846524325] [gps_goto]: WP1: 67.7 m horizontal, 4.6 m vertical to go
[gps_goto-2] [INFO] [1790531925.846589971] [gps_goto]: WP1: 66.5 m horizontal, 3.7 m vertical to go
[gps_goto-2] [INFO] [1790531926.846631429] [gps_goto]: WP1: 64.6 m horizontal, 2.8 m vertical to go
[gps_goto-2] [INFO] [1790531927.846668518] [gps_goto]: WP1: 32.9 m horizontal, 0.2 m vertical to go
[mavros_node-1] [WARN] [1790531928.312511552] [mavros.param]: PR: request param #184 timeout, retries left 2, and 269 params still missing
[gps_goto-2] [INFO] [1790531928.846681720] [gps_goto]: WP1: 21.2 m horizontal, 0.2 m vertical to go
[mavros_node-1] [INFO] [1790531929.112193220] [mavros.mission]: WP: mission received
[gps_goto-2] [INFO] [1790531929.846540484] [gps_goto]: WP1: 9.4 m horizontal, 0.1 m vertical to go
[gps_goto-2] [INFO] [1790531930.846963453] [gps_goto]: WP1: 1.1 m horizontal, 0.1 m vertical to go
[gps_goto-2] [INFO] [1790531930.896782393] [gps_goto]: REACHED WP1: current GPS (47.3981947, 8.5461924), error 0.82 m from target
[gps_goto-2] [INFO] [1790531930.897420976] [gps_goto]: [GOTO] -> [HOLD]
[mavros_node-1] [INFO] [1790531934.113700895] [mavros.rallypoint]: RP: mission received
[gps_goto-2] [INFO] [1790531935.946557097] [gps_goto]: After holding 5 s at WP1: error 0.27 m from target
[gps_goto-2] [INFO] [1790531935.947236244] [gps_goto]: [HOLD] -> [LANDING]
[mavros_node-1] [WARN] [1790531935.960454788] [mavros.cmd]: CMD: Unexpected command 176, result 0
[mavros_node-1] [WARN] [1790531937.061263263] [mavros.sys]: FCU: UNK(8): EVENT 11047904 with args -0-0-0-16-0-128-0-0-0-240-59-255-255-240-59-255-255-0-0-0-0-0-0-0-0-0-0-0-0-0-0-0-0-0-0-0-0-0-0-0-
[mavros_node-1] [INFO] [1790531937.061384597] [mavros.sys]: FCU: EVENT 377561 with args -8-0-0-0-20-0-0-0-0-0-0-0-0-0-0-0-0-0-0-0-0-0-0-0-0-0-0-0-0-0-0-0-0-0-0-0-0-0-0-0-
[mavros_node-1] [ERROR] [1790531937.061468999] [mavros.sys]: FCU: EVENT 3087815 with args -0-64-0-0-20-0-0-0-0-0-0-0-0-0-0-0-0-0-0-0-0-0-0-0-0-0-0-0-0-0-0-0-0-0-0-0-0-0-0-0-
[mavros_node-1] [WARN] [1790531937.061566994] [mavros.sys]: FCU: EVENT 453929 with args -255-255-255-255-7-0-0-0-0-0-0-0-0-0-0-0-0-0-0-0-0-0-0-0-0-0-0-0-0-0-0-0-0-0-0-0-0-0-0-0-
[mavros_node-1] [INFO] [1790531937.061677104] [mavros.sys]: FCU: EVENT 6801787 with args -255-255-255-255-12-0-0-0-0-0-0-0-0-0-0-0-0-0-0-0-0-0-0-0-0-0-0-0-0-0-0-0-0-0-0-0-0-0-0-0-
[mavros_node-1] [WARN] [1790531937.061755199] [mavros.sys]: FCU: UNK(8): EVENT 1914663 with args -0-10-9-2-40-0-0-0-0-0-0-0-0-0-0-0-0-0-0-0-0-0-0-0-0-0-0-0-0-0-0-0-0-0-0-0-0-0-0-0-
[mavros_node-1] [INFO] [1790531939.111775485] [mavros.geofence]: GF: mission received
[mavros_node-1] [INFO] [1790531950.833862157] [mavros.sys]: FCU: EVENT 9844908 with args -0-0-0-0-0-0-0-0-0-0-0-0-0-0-0-0-0-0-0-0-0-0-0-0-0-0-0-0-0-0-0-0-0-0-0-0-0-0-0-0-
[mavros_node-1] [INFO] [1790531952.855704815] [mavros.sys]: FCU: EVENT 16017271 with args -6-0-0-0-0-0-0-0-0-0-0-0-0-0-0-0-0-0-0-0-0-0-0-0-0-0-0-0-0-0-0-0-0-0-0-0-0-0-0-0-
[gps_goto-2] [INFO] [1790531953.396298971] [gps_goto]: Landed and disarmed. Done.
[gps_goto-2] [INFO] [1790531953.396660955] [gps_goto]: [LANDING] -> [DONE]
[INFO] [gps_goto-2]: process has finished cleanly [pid 754984]
[INFO] [mavros_node-1]: sending signal 'SIGINT' to process[mavros_node-1]
[mavros_node-1] [INFO] [1790531953.557424976] [rclcpp]: signal_handler(SIGINT/SIGTERM)
[mavros_node-1] [WARN] [1790531953.558665906] [mavros]: UAS Executor terminated
[INFO] [mavros_node-1]: process has finished cleanly [pid 754982]
