[INFO] [launch]: All log files can be found below /home/wangchinnt/.ros/log/2026-09-28-02-01-35-870167-rvl-wangchinnt-760769
[INFO] [launch]: Default logging verbosity is set to INFO
[INFO] [mavros_node-1]: process started with pid [760770]
[INFO] [gps_goto-2]: process started with pid [760772]
[mavros_node-1] [INFO] [1790532096.042841802] [mavros_node]: Starting mavros_node container
[mavros_node-1] [INFO] [1790532096.042940914] [mavros_node]: FCU URL: udp://:14540@127.0.0.1:14557
[mavros_node-1] [INFO] [1790532096.042953992] [mavros_node]: GCS URL: 
[mavros_node-1] [INFO] [1790532096.042964502] [mavros_node]: UAS Prefix: /uas1
[mavros_node-1] [INFO] [1790532096.042974528] [mavros_node]: Starting mavros router node
[mavros_node-1] [INFO] [1790532096.049618488] [mavros_router]: Built-in SIMD instructions: SSE, SSE2
[mavros_node-1] [INFO] [1790532096.049652041] [mavros_router]: Built-in MAVLink package version: 2026.8.8
[mavros_node-1] [INFO] [1790532096.049665607] [mavros_router]: Known MAVLink dialects: common ardupilotmega ASLUAV AVSSUAS all csAirLink cubepilot development icarous loweheiser marsh paparazzi standard stemstudios storm32 uAvionix ualberta
[mavros_node-1] [INFO] [1790532096.049676854] [mavros_router]: MAVROS Router started
[mavros_node-1] [INFO] [1790532096.049769862] [mavros_node]: Starting mavros uas node
[mavros_node-1] [INFO] [1790532096.081099173] [mavros_router]: Requested to add endpoint: type: 0, url: udp://:14540@127.0.0.1:14557
[mavros_node-1] [INFO] [1790532096.081173920] [mavros_router]: Endpoint link[1000] created
[mavros_node-1] [INFO] [1790532096.081550352] [mavros_router]: link[1000] opened successfully
[mavros_node-1] [INFO] [1790532096.081576931] [mavros_router]: Requested to add endpoint: type: 2, url: /uas1
[mavros_node-1] [INFO] [1790532096.081596825] [mavros_router]: Endpoint link[1001] created
[mavros_node-1] [INFO] [1790532096.083592687] [mavros_router]: link[1001] opened successfully
[mavros_node-1] [INFO] [1790532096.086564944] [mavros_router]: link[1000] detected remote address 1.1
[mavros_node-1] [INFO] [1790532096.091171346] [mavros]: UAS Executor started, threads: 4
[mavros_node-1] [WARN] [1790532096.091205068] [mavros]: plugin_denylist pattern 'image_pub' does not match any declared plugin
[mavros_node-1] [INFO] [1790532096.109274357] [mavros]: Plugin actuator_control created
[mavros_node-1] [INFO] [1790532096.109342576] [mavros]: Plugin actuator_control initialized
[mavros_node-1] [INFO] [1790532096.135280197] [mavros]: Plugin adsb created
[mavros_node-1] [INFO] [1790532096.135332433] [mavros]: Plugin adsb initialized
[mavros_node-1] [INFO] [1790532096.138604452] [mavros]: Plugin altitude created
[mavros_node-1] [INFO] [1790532096.138638876] [mavros]: Plugin altitude initialized
[mavros_node-1] [INFO] [1790532096.142790350] [mavros]: Plugin cam_imu_sync created
[mavros_node-1] [INFO] [1790532096.142835870] [mavros]: Plugin cam_imu_sync initialized
[mavros_node-1] [INFO] [1790532096.146657784] [mavros]: Plugin camera created
[mavros_node-1] [INFO] [1790532096.146692594] [mavros]: Plugin camera initialized
[mavros_node-1] [INFO] [1790532096.151581789] [mavros]: Plugin cellular_status created
[mavros_node-1] [INFO] [1790532096.151630772] [mavros]: Plugin cellular_status initialized
[mavros_node-1] [INFO] [1790532096.159787155] [mavros]: Plugin command created
[mavros_node-1] [INFO] [1790532096.159839011] [mavros]: Plugin command initialized
[mavros_node-1] [INFO] [1790532096.164542446] [mavros]: Plugin companion_process_status created
[mavros_node-1] [INFO] [1790532096.164587489] [mavros]: Plugin companion_process_status initialized
[mavros_node-1] [INFO] [1790532096.171067639] [mavros]: Plugin debug_value created
[mavros_node-1] [INFO] [1790532096.171137002] [mavros]: Plugin debug_value initialized
[mavros_node-1] [INFO] [1790532096.171155861] [mavros]: Plugin distance_sensor ignored
[mavros_node-1] [INFO] [1790532096.176833278] [mavros]: Plugin esc_status created
[mavros_node-1] [INFO] [1790532096.176876046] [mavros]: Plugin esc_status initialized
[mavros_node-1] [INFO] [1790532096.182671442] [mavros]: Plugin esc_telemetry created
[mavros_node-1] [INFO] [1790532096.182718235] [mavros]: Plugin esc_telemetry initialized
[mavros_node-1] [INFO] [1790532096.191090314] [mavros]: Plugin fake_gps created
[mavros_node-1] [INFO] [1790532096.191188115] [mavros]: Plugin fake_gps initialized
[mavros_node-1] [INFO] [1790532096.208069990] [mavros]: Plugin ftp created
[mavros_node-1] [INFO] [1790532096.208148575] [mavros]: Plugin ftp initialized
[mavros_node-1] [INFO] [1790532096.221727751] [mavros]: Plugin geofence created
[mavros_node-1] [INFO] [1790532096.221793515] [mavros]: Plugin geofence initialized
[mavros_node-1] [INFO] [1790532096.243172393] [mavros]: Plugin gimbal_control created
[mavros_node-1] [INFO] [1790532096.243244487] [mavros]: Plugin gimbal_control initialized
[mavros_node-1] [INFO] [1790532096.268057059] [mavros]: Plugin global_position created
[mavros_node-1] [INFO] [1790532096.268159455] [mavros]: Plugin global_position initialized
[mavros_node-1] [INFO] [1790532096.276895167] [mavros]: Plugin gps_input created
[mavros_node-1] [INFO] [1790532096.276955996] [mavros]: Plugin gps_input initialized
[mavros_node-1] [INFO] [1790532096.284551122] [mavros]: Plugin gps_rtk created
[mavros_node-1] [INFO] [1790532096.284626055] [mavros]: Plugin gps_rtk initialized
[mavros_node-1] [INFO] [1790532096.293321427] [mavros]: Plugin gps_status created
[mavros_node-1] [INFO] [1790532096.293373074] [mavros]: Plugin gps_status initialized
[mavros_node-1] [INFO] [1790532096.301303720] [mavros]: Plugin guided_target created
[mavros_node-1] [INFO] [1790532096.301349309] [mavros]: Plugin guided_target initialized
[mavros_node-1] [INFO] [1790532096.313518813] [mavros]: Plugin hil created
[mavros_node-1] [INFO] [1790532096.313586655] [mavros]: Plugin hil initialized
[mavros_node-1] [INFO] [1790532096.323100163] [mavros]: Plugin home_position created
[mavros_node-1] [INFO] [1790532096.323157233] [mavros]: Plugin home_position initialized
[mavros_node-1] [INFO] [1790532096.337459125] [mavros]: Plugin imu created
[mavros_node-1] [INFO] [1790532096.337521487] [mavros]: Plugin imu initialized
[mavros_node-1] [INFO] [1790532096.349895026] [mavros]: Plugin landing_target created
[mavros_node-1] [INFO] [1790532096.349944990] [mavros]: Plugin landing_target initialized
[mavros_node-1] [INFO] [1790532096.364547901] [mavros]: Plugin local_position created
[mavros_node-1] [INFO] [1790532096.364624590] [mavros]: Plugin local_position initialized
[mavros_node-1] [INFO] [1790532096.380321567] [mavros]: Plugin log_transfer created
[mavros_node-1] [INFO] [1790532096.380384585] [mavros]: Plugin log_transfer initialized
[mavros_node-1] [INFO] [1790532096.394475993] [mavros]: Plugin mag_calibration_status created
[mavros_node-1] [INFO] [1790532096.394536361] [mavros]: Plugin mag_calibration_status initialized
[mavros_node-1] [INFO] [1790532096.407517642] [mavros]: Plugin manual_control created
[mavros_node-1] [INFO] [1790532096.407576201] [mavros]: Plugin manual_control initialized
[mavros_node-1] [INFO] [1790532096.419753476] [mavros]: Plugin mocap_pose_estimate created
[mavros_node-1] [INFO] [1790532096.419808179] [mavros]: Plugin mocap_pose_estimate initialized
[mavros_node-1] [INFO] [1790532096.435637322] [mavros]: Plugin mount_control created
[mavros_node-1] [INFO] [1790532096.435687847] [mavros]: Plugin mount_control initialized
[mavros_node-1] [INFO] [1790532096.447799042] [mavros]: Plugin nav_controller_output created
[mavros_node-1] [INFO] [1790532096.447845513] [mavros]: Plugin nav_controller_output initialized
[mavros_node-1] [INFO] [1790532096.461302825] [mavros]: Plugin obstacle_distance created
[mavros_node-1] [INFO] [1790532096.461358485] [mavros]: Plugin obstacle_distance initialized
[mavros_node-1] [INFO] [1790532096.474764809] [mavros]: Plugin obstacle_distance_3d created
[mavros_node-1] [INFO] [1790532096.474803556] [mavros]: Plugin obstacle_distance_3d initialized
[mavros_node-1] [INFO] [1790532096.488585734] [mavros]: Plugin odometry created
[mavros_node-1] [INFO] [1790532096.488652847] [mavros]: Plugin odometry initialized
[mavros_node-1] [INFO] [1790532096.502390309] [mavros]: Plugin onboard_computer_status created
[mavros_node-1] [INFO] [1790532096.502446165] [mavros]: Plugin onboard_computer_status initialized
[mavros_node-1] [INFO] [1790532096.519974652] [mavros]: Plugin open_drone_id created
[mavros_node-1] [INFO] [1790532096.520019360] [mavros]: Plugin open_drone_id initialized
[mavros_node-1] [INFO] [1790532096.538119983] [mavros]: Plugin optical_flow created
[mavros_node-1] [INFO] [1790532096.538183248] [mavros]: Plugin optical_flow initialized
[mavros_node-1] [INFO] [1790532096.555691086] [mavros]: Plugin param created
[mavros_node-1] [INFO] [1790532096.555750852] [mavros]: Plugin param initialized
[mavros_node-1] [INFO] [1790532096.571147560] [mavros]: Plugin play_tune created
[mavros_node-1] [INFO] [1790532096.571189142] [mavros]: Plugin play_tune initialized
[mavros_node-1] [INFO] [1790532096.589723028] [mavros]: Plugin px4flow created
[mavros_node-1] [INFO] [1790532096.589778963] [mavros]: Plugin px4flow initialized
[mavros_node-1] [INFO] [1790532096.610691357] [mavros]: Plugin rallypoint created
[mavros_node-1] [INFO] [1790532096.610791745] [mavros]: Plugin rallypoint initialized
[mavros_node-1] [INFO] [1790532096.610814793] [mavros]: Plugin rangefinder ignored
[mavros_node-1] [INFO] [1790532096.629196748] [mavros]: Plugin rc_io created
[mavros_node-1] [INFO] [1790532096.629244150] [mavros]: Plugin rc_io initialized
[mavros_node-1] [INFO] [1790532096.645707796] [mavros]: Plugin setpoint_accel created
[mavros_node-1] [INFO] [1790532096.645748975] [mavros]: Plugin setpoint_accel initialized
[mavros_node-1] [INFO] [1790532096.664486712] [mavros]: Plugin setpoint_attitude created
[mavros_node-1] [INFO] [1790532096.664546377] [mavros]: Plugin setpoint_attitude initialized
[mavros_node-1] [INFO] [1790532096.688778579] [mavros]: Plugin setpoint_position created
[mavros_node-1] [INFO] [1790532096.688858122] [mavros]: Plugin setpoint_position initialized
[mavros_node-1] [INFO] [1790532096.714750679] [mavros]: Plugin setpoint_raw created
[mavros_node-1] [INFO] [1790532096.714831467] [mavros]: Plugin setpoint_raw initialized
[mavros_node-1] [INFO] [1790532096.737533871] [mavros]: Plugin setpoint_trajectory created
[mavros_node-1] [INFO] [1790532096.737569067] [mavros]: Plugin setpoint_trajectory initialized
[mavros_node-1] [INFO] [1790532096.767641183] [mavros]: Plugin setpoint_velocity created
[mavros_node-1] [INFO] [1790532096.767686474] [mavros]: Plugin setpoint_velocity initialized
[mavros_node-1] [INFO] [1790532096.795029802] [mavros]: Plugin sim_state created
[mavros_node-1] [INFO] [1790532096.795087637] [mavros]: Plugin sim_state initialized
[mavros_node-1] [INFO] [1790532096.835478952] [mavros]: Plugin sys_status created
[mavros_node-1] [INFO] [1790532096.835560823] [mavros]: Plugin sys_status initialized
[gps_goto-2] [INFO] [1790532096.843867483] [gps_goto]: gps_goto (MAVLink/MAVROS): 1 waypoint, takeoff 5.0 m, radius 1.0 m
[mavros_node-1] [INFO] [1790532096.854996594] [mavros.time]: TM: Timesync mode: MAVLINK
[mavros_node-1] [INFO] [1790532096.859831970] [mavros]: Plugin sys_time created
[mavros_node-1] [INFO] [1790532096.859871137] [mavros]: Plugin sys_time initialized
[mavros_node-1] [INFO] [1790532096.880744980] [mavros]: Plugin tdr_radio created
[mavros_node-1] [INFO] [1790532096.880848399] [mavros]: Plugin tdr_radio initialized
[mavros_node-1] [INFO] [1790532096.903675851] [mavros]: Plugin terrain created
[mavros_node-1] [INFO] [1790532096.903728939] [mavros]: Plugin terrain initialized
[mavros_node-1] [INFO] [1790532096.927611377] [mavros]: Plugin trajectory created
[mavros_node-1] [INFO] [1790532096.927666764] [mavros]: Plugin trajectory initialized
[mavros_node-1] [INFO] [1790532096.948163350] [mavros]: Plugin tunnel created
[mavros_node-1] [INFO] [1790532096.948228853] [mavros]: Plugin tunnel initialized
[mavros_node-1] [INFO] [1790532096.969996050] [mavros]: Plugin vfr_hud created
[mavros_node-1] [INFO] [1790532096.970323363] [mavros]: Plugin vfr_hud initialized
[mavros_node-1] [INFO] [1790532096.970346978] [mavros]: Plugin vibration ignored
[mavros_node-1] [INFO] [1790532096.994414775] [mavros]: Plugin vision_pose created
[mavros_node-1] [INFO] [1790532096.994467793] [mavros]: Plugin vision_pose initialized
[mavros_node-1] [INFO] [1790532097.019625126] [mavros]: Plugin vision_speed created
[mavros_node-1] [INFO] [1790532097.019690445] [mavros]: Plugin vision_speed initialized
[mavros_node-1] [INFO] [1790532097.053017063] [mavros]: Plugin waypoint created
[mavros_node-1] [INFO] [1790532097.053106784] [mavros]: Plugin waypoint initialized
[mavros_node-1] [INFO] [1790532097.053135614] [mavros]: Plugin wheel_odometry ignored
[mavros_node-1] [INFO] [1790532097.074284467] [mavros]: Plugin wind_estimation created
[mavros_node-1] [INFO] [1790532097.074332648] [mavros]: Plugin wind_estimation initialized
[mavros_node-1] [INFO] [1790532097.077022530] [mavros]: Built-in SIMD instructions: SSE, SSE2
[mavros_node-1] [INFO] [1790532097.077049567] [mavros]: Built-in MAVLink package version: 2026.8.8
[mavros_node-1] [INFO] [1790532097.077061180] [mavros]: Known MAVLink dialects: common ardupilotmega ASLUAV AVSSUAS all csAirLink cubepilot development icarous loweheiser marsh paparazzi standard stemstudios storm32 uAvionix ualberta
[mavros_node-1] [INFO] [1790532097.077071919] [mavros]: MAVROS UAS via /uas1 started. MY ID 1.191, TARGET ID 1.1
[mavros_node-1] [INFO] [1790532097.088992794] [mavros.imu]: IMU: Attitude quaternion IMU detected!
[mavros_node-1] [INFO] [1790532097.089319591] [mavros.imu]: IMU: High resolution IMU detected!
[mavros_node-1] [INFO] [1790532097.167446525] [mavros_router]: link[1001] detected remote address 1.191
[mavros_node-1] [WARN] [1790532097.840671838] [mavros.cmd]: CMD: Unexpected command 512, result 4
[mavros_node-1] [INFO] [1790532098.073723378] [mavros]: CON: Got HEARTBEAT, connected. FCU: PX4 Autopilot
[mavros_node-1] [INFO] [1790532098.074049474] [mavros.mission]: WP: detected enable_partial_push: 0
[mavros_node-1] [INFO] [1790532098.074259417] [mavros.imu]: IMU: High resolution IMU detected!
[mavros_node-1] [INFO] [1790532098.089817243] [mavros.imu]: IMU: Attitude quaternion IMU detected!
[gps_goto-2] [INFO] [1790532098.800815846] [gps_goto]: Waiting for ready: connected=True pose=True global=True gps_fix=3 eph=0.7 origin=False
[gps_goto-2] [INFO] [1790532098.850651035] [gps_goto]: Projection origin: gp_origin (47.3977408, 8.5455896)
[gps_goto-2] [INFO] [1790532098.851207877] [gps_goto]: WP1 GPS (47.3982000, 8.5462000, +10.0 m) -> ENU (E 45.94, N 51.06, U 10.44), distance 68.1 m
[gps_goto-2] [INFO] [1790532098.851837609] [gps_goto]: [WAIT_READY] -> [PRE_STREAM]
[mavros_node-1] [WARN] [1790532098.867065694] [mavros.sys]: FCU: UNK(8): EVENT 11047904 with args -0-0-0-0-0-128-0-0-0-240-123-255-255-240-123-255-255-0-0-0-0-0-0-0-0-0-0-0-0-0-0-0-0-0-0-0-0-0-0-0-
[mavros_node-1] [INFO] [1790532098.867747931] [mavros.sys]: FCU: EVENT 377561 with args -8-0-0-0-20-0-0-0-0-0-0-0-0-0-0-0-0-0-0-0-0-0-0-0-0-0-0-0-0-0-0-0-0-0-0-0-0-0-0-0-
[mavros_node-1] [WARN] [1790532098.867874983] [mavros.sys]: FCU: EVENT 453929 with args -255-255-255-255-7-0-0-0-0-0-0-0-0-0-0-0-0-0-0-0-0-0-0-0-0-0-0-0-0-0-0-0-0-0-0-0-0-0-0-0-
[mavros_node-1] [INFO] [1790532098.867960456] [mavros.sys]: FCU: EVENT 6801787 with args -255-255-255-255-12-0-0-0-0-0-0-0-0-0-0-0-0-0-0-0-0-0-0-0-0-0-0-0-0-0-0-0-0-0-0-0-0-0-0-0-
[mavros_node-1] [WARN] [1790532098.868032645] [mavros.sys]: FCU: UNK(8): EVENT 1914663 with args -0-10-9-2-40-0-0-0-0-0-0-0-0-0-0-0-0-0-0-0-0-0-0-0-0-0-0-0-0-0-0-0-0-0-0-0-0-0-0-0-
[gps_goto-2] [INFO] [1790532099.901003256] [gps_goto]: [PRE_STREAM] -> [ENGAGE]
[mavros_node-1] [WARN] [1790532100.078022644] [mavros.sys]: VER: broadcast request timeout, retries left 4
[mavros_node-1] [WARN] [1790532101.081817427] [mavros.sys]: VER: broadcast request timeout, retries left 3
[mavros_node-1] [INFO] [1790532101.813162312] [mavros.sys]: FCU: EVENT 9489139 with args -4-0-0-0-0-0-0-0-0-0-0-0-0-0-0-0-0-0-0-0-0-0-0-0-0-0-0-0-0-0-0-0-0-0-0-0-0-0-0-0-
[mavros_node-1] [INFO] [1790532102.082647400] [mavros.geofence]: GF: Using MISSION_ITEM_INT
[mavros_node-1] [INFO] [1790532102.082719258] [mavros.rallypoint]: RP: Using MISSION_ITEM_INT
[mavros_node-1] [INFO] [1790532102.082736735] [mavros.mission]: WP: Using MISSION_ITEM_INT
[mavros_node-1] [INFO] [1790532102.082783413] [mavros.sys]: VER: 1.1: Capabilities         0x000000000000ecff
[mavros_node-1] [INFO] [1790532102.082799821] [mavros.sys]: VER: 1.1: Flight software:     010e00ff (b8c541dd72000000)
[mavros_node-1] [INFO] [1790532102.082810067] [mavros.sys]: VER: 1.1: Middleware software: 010e00ff (b8c541dd72000000)
[mavros_node-1] [INFO] [1790532102.082815542] [mavros.sys]: VER: 1.1: OS software:         060800ff (de41e7feaeffaec3)
[mavros_node-1] [INFO] [1790532102.082822824] [mavros.sys]: VER: 1.1: Board hardware:      00000001
[mavros_node-1] [INFO] [1790532102.082830443] [mavros.sys]: VER: 1.1: VID/PID:             0000:0000
[mavros_node-1] [INFO] [1790532102.082855926] [mavros.sys]: VER: 1.1: UID:                 4954414c44494e4f
[mavros_node-1] [WARN] [1790532102.090143574] [mavros.sys]: VER: unicast request timeout, retries left 2
[gps_goto-2] [INFO] [1790532102.100818051] [gps_goto]: [ENGAGE] -> [TAKEOFF]
[mavros_node-1] [INFO] [1790532103.576197858] [mavros.sys]: FCU: EVENT 4277609 with args -0-0-0-0-0-0-0-0-0-0-0-0-0-0-0-0-0-0-0-0-0-0-0-0-0-0-0-0-0-0-0-0-0-0-0-0-0-0-0-0-
[gps_goto-2] [INFO] [1790532107.550852945] [gps_goto]: [TAKEOFF] -> [GOTO]
[gps_goto-2] [INFO] [1790532107.800664023] [gps_goto]: WP1: 68.2 m horizontal, 5.8 m vertical to go
[gps_goto-2] [INFO] [1790532108.800853670] [gps_goto]: WP1: 67.5 m horizontal, 4.5 m vertical to go
[gps_goto-2] [INFO] [1790532109.800844654] [gps_goto]: WP1: 66.3 m horizontal, 3.7 m vertical to go
[gps_goto-2] [INFO] [1790532110.800622120] [gps_goto]: WP1: 64.8 m horizontal, 3.0 m vertical to go
[gps_goto-2] [INFO] [1790532111.800765270] [gps_goto]: WP1: 33.1 m horizontal, 0.3 m vertical to go
[mavros_node-1] [WARN] [1790532112.291448024] [mavros.param]: PR: request param #357 timeout, retries left 2, and 117 params still missing
[gps_goto-2] [INFO] [1790532112.800855498] [gps_goto]: WP1: 21.9 m horizontal, 0.2 m vertical to go
[mavros_node-1] [INFO] [1790532113.074720232] [mavros.mission]: WP: mission received
[gps_goto-2] [INFO] [1790532113.801023375] [gps_goto]: WP1: 10.2 m horizontal, 0.1 m vertical to go
[gps_goto-2] [INFO] [1790532114.801005800] [gps_goto]: WP1: 1.2 m horizontal, 0.0 m vertical to go
[gps_goto-2] [INFO] [1790532114.901049338] [gps_goto]: REACHED WP1: current GPS (47.3981954, 8.5461932), error 0.72 m from target
[gps_goto-2] [INFO] [1790532114.901712732] [gps_goto]: [GOTO] -> [HOLD]
[mavros_node-1] [INFO] [1790532118.074718964] [mavros.rallypoint]: RP: mission received
[gps_goto-2] [INFO] [1790532119.951079282] [gps_goto]: After holding 5 s at WP1: error 0.22 m from target
[gps_goto-2] [INFO] [1790532119.951911908] [gps_goto]: [HOLD] -> [LANDING]
[mavros_node-1] [WARN] [1790532119.966804687] [mavros.cmd]: CMD: Unexpected command 176, result 0
[mavros_node-1] [WARN] [1790532120.952212266] [mavros.sys]: FCU: UNK(8): EVENT 11047904 with args -0-0-0-16-0-128-0-0-0-240-59-255-255-240-59-255-255-0-0-0-0-0-0-0-0-0-0-0-0-0-0-0-0-0-0-0-0-0-0-0-
[mavros_node-1] [INFO] [1790532120.952398038] [mavros.sys]: FCU: EVENT 377561 with args -8-0-0-0-20-0-0-0-0-0-0-0-0-0-0-0-0-0-0-0-0-0-0-0-0-0-0-0-0-0-0-0-0-0-0-0-0-0-0-0-
[mavros_node-1] [ERROR] [1790532120.952484052] [mavros.sys]: FCU: EVENT 3087815 with args -0-64-0-0-20-0-0-0-0-0-0-0-0-0-0-0-0-0-0-0-0-0-0-0-0-0-0-0-0-0-0-0-0-0-0-0-0-0-0-0-
[mavros_node-1] [WARN] [1790532120.952579713] [mavros.sys]: FCU: EVENT 453929 with args -255-255-255-255-7-0-0-0-0-0-0-0-0-0-0-0-0-0-0-0-0-0-0-0-0-0-0-0-0-0-0-0-0-0-0-0-0-0-0-0-
[mavros_node-1] [INFO] [1790532120.952660171] [mavros.sys]: FCU: EVENT 6801787 with args -255-255-255-255-12-0-0-0-0-0-0-0-0-0-0-0-0-0-0-0-0-0-0-0-0-0-0-0-0-0-0-0-0-0-0-0-0-0-0-0-
[mavros_node-1] [WARN] [1790532120.952773479] [mavros.sys]: FCU: UNK(8): EVENT 1914663 with args -0-10-9-2-40-0-0-0-0-0-0-0-0-0-0-0-0-0-0-0-0-0-0-0-0-0-0-0-0-0-0-0-0-0-0-0-0-0-0-0-
[mavros_node-1] [INFO] [1790532123.074067679] [mavros.geofence]: GF: mission received
[mavros_node-1] [INFO] [1790532134.660683107] [mavros.sys]: FCU: EVENT 9844908 with args -0-0-0-0-0-0-0-0-0-0-0-0-0-0-0-0-0-0-0-0-0-0-0-0-0-0-0-0-0-0-0-0-0-0-0-0-0-0-0-0-
[mavros_node-1] [INFO] [1790532136.676936949] [mavros.sys]: FCU: EVENT 16017271 with args -6-0-0-0-0-0-0-0-0-0-0-0-0-0-0-0-0-0-0-0-0-0-0-0-0-0-0-0-0-0-0-0-0-0-0-0-0-0-0-0-
[gps_goto-2] [INFO] [1790532137.350325330] [gps_goto]: Landed and disarmed. Done.
[gps_goto-2] [INFO] [1790532137.350741256] [gps_goto]: [LANDING] -> [DONE]
[INFO] [gps_goto-2]: process has finished cleanly [pid 760772]
[INFO] [mavros_node-1]: sending signal 'SIGINT' to process[mavros_node-1]
[mavros_node-1] [INFO] [1790532137.530786793] [rclcpp]: signal_handler(SIGINT/SIGTERM)
[mavros_node-1] [WARN] [1790532137.531292335] [mavros]: UAS Executor terminated
[INFO] [mavros_node-1]: process has finished cleanly [pid 760770]
